---
source: rust/foxglove/src/websocket/ws_protocol/server/server_info.rs
expression: message()
---
{
  "op": "serverInfo",
  "name": "example server",
  "capabilities": []
}
