---
source: rust/foxglove/src/websocket/ws_protocol/server/remove_status.rs
expression: message()
---
{
  "op": "removeStatus",
  "statusIds": [
    "status-1",
    "status-2",
    "status-3"
  ]
}
