---
source: rust/foxglove/src/websocket/ws_protocol/server/status.rs
expression: message()
---
{
  "op": "status",
  "level": 1,
  "message": "Oh no"
}
