---
source: rust/foxglove/src/websocket/ws_protocol/client/fetch_asset.rs
expression: message()
---
{
  "op": "fetchAsset",
  "requestId": 42,
  "uri": "package://foxglove/example.urdf"
}
