---
source: rust/foxglove/src/websocket/ws_protocol/client/service_call_request.rs
expression: "format!(\"{:#04x?}\", message().to_bytes())"
---
[
    0x02,
    0x0a,
    0x00,
    0x00,
    0x00,
    0x0c,
    0x00,
    0x00,
    0x00,
    0x04,
    0x00,
    0x00,
    0x00,
    0x6a,
    0x73,
    0x6f,
    0x6e,
    0x7b,
    0x22,
    0x6b,
    0x65,
    0x79,
    0x22,
    0x3a,
    0x20,
    0x22,
    0x76,
    0x61,
    0x6c,
    0x75,
    0x65,
    0x22,
    0x7d,
]
