---
source: rust/foxglove/src/websocket/ws_protocol/client/subscribe_connection_graph.rs
expression: "SubscribeConnectionGraph {}"
---
{
  "op": "subscribeConnectionGraph"
}
