---
source: rust/foxglove/src/websocket/ws_protocol/parameter.rs
expression: "Parameter::float64_array(\"f64[]\", vec![1.23, 4.56])"
---
{
  "name": "f64[]",
  "type": "float64_array",
  "value": [
    1.23,
    4.56
  ]
}
