---
source: rust/foxglove/src/websocket/ws_protocol/parameter.rs
assertion_line: 193
expression: "Parameter::integer(\"i64\", 123)"
---
{
  "name": "i64",
  "value": 123
}
