---
source: rust/foxglove/src/websocket/ws_protocol/parameter.rs
expression: "Parameter::empty(\"test\")"
---
{
  "name": "test"
}
