---
source: rust/foxglove/src/websocket/ws_protocol/parameter.rs
expression: "Parameter::string(\"string\", \"howdy\")"
---
{
  "name": "string",
  "value": "howdy"
}
