---
source: rust/foxglove/src/websocket/ws_protocol/parameter.rs
expression: "Parameter::bool(\"bool\", true)"
---
{
  "name": "bool",
  "value": true
}
